// Jest Snapshot v1, https://goo.gl/fbAQLP

exports[`Test <Image /> Component should match snapshot 1`] = `
<DocumentFragment>
  <div
    class="image  image--normal image--loading"
    data-testid="image"
  >
    <img
      alt="image"
      data-src="fake-src"
    />
  </div>
</DocumentFragment>
`;
