// Jest Snapshot v1, https://goo.gl/fbAQLP

exports[`Test <PostImage /> Component should match snapshot 1`] = `
<DocumentFragment>
  <a
    class="post-image-wrapper--no-image"
    data-testid="post-image-wrapper-anchor"
    rel="noopener noreferrer"
    target="_blank"
  />
</DocumentFragment>
`;
