// Jest Snapshot v1, https://goo.gl/fbAQLP

exports[`Test <SlideHover /> Component should render snapshot 1`] = `
<DocumentFragment>
  <div
    class="slide-hover"
    style="opacity: 0;"
  >
    <div>
      content goes here
    </div>
  </div>
</DocumentFragment>
`;
