// Jest Snapshot v1, https://goo.gl/fbAQLP

exports[`Test <AddPost /> Component should render snapshot 1`] = `
<DocumentFragment>
  <button
    class="add-post button"
    data-testid="add-post"
    tabindex="0"
    type="button"
  >
    <svg
      aria-hidden="true"
      class="svg-inline--fa fa-plus-square fa-w-14 fa-sm "
      data-icon="plus-square"
      data-prefix="fas"
      focusable="false"
      role="img"
      viewBox="0 0 448 512"
      xmlns="http://www.w3.org/2000/svg"
    >
      <path
        d="M400 32H48C21.5 32 0 53.5 0 80v352c0 26.5 21.5 48 48 48h352c26.5 0 48-21.5 48-48V80c0-26.5-21.5-48-48-48zm-32 252c0 6.6-5.4 12-12 12h-92v92c0 6.6-5.4 12-12 12h-56c-6.6 0-12-5.4-12-12v-92H92c-6.6 0-12-5.4-12-12v-56c0-6.6 5.4-12 12-12h92v-92c0-6.6 5.4-12 12-12h56c6.6 0 12 5.4 12 12v92h92c6.6 0 12 5.4 12 12v56z"
        fill="currentColor"
      />
    </svg>
    title
  </button>
</DocumentFragment>
`;
