// Jest Snapshot v1, https://goo.gl/fbAQLP

exports[`Test <SlideBox /> Component should render snapshot 1`] = `
<DocumentFragment>
  <div
    class="slider__box"
    style="height: 50%;"
  >
    <div>
      content goes here
    </div>
  </div>
</DocumentFragment>
`;
