// Jest Snapshot v1, https://goo.gl/fbAQLP

exports[`Test SquarePhotoLayout Component should render snapshot 1`] = `
<DocumentFragment>
  <div
    class="square-photo-layout"
  >
    <div
      class="lazy-loading"
    >
      <div
        class=""
        style="position: relative; height: 512px;"
      >
        <div
          class="square-photo-post"
          style="width: 502px; margin: 5px; height: 502px; position: absolute; left: 0px; top: 0px;"
          tabindex="0"
        >
          <header
            class="square-photo-post__header"
          >
            <div
              class="square-photo-post__header-cover"
            />
            <div
              class="post-title"
              data-testid="post-title"
            >
              <h3
                class="post-title__title "
              >
                #dreamsmp #dream #mcyt #sapnap #georgenotfound #wilbursoot #discord #discordserver #hangout #blm #acab #lgbtrights #prochoice #womensrights #biden2020 #dumptrump #dumptrump2020 #polishcow #amongus #minecraft #eret #quackity #jschlatt #nihachu #wilbursoot #discordinvite #invite
              </h3>
            </div>
          </header>
          <div
            class="square-photo-post__content"
          >
            <div
              class="post-title"
              data-testid="post-title"
            >
              <h3
                class="post-title__title "
              >
                #dreamsmp #dream #mcyt #sapnap #georgenotfound #wilbursoot #discord #discordserver #hangout #blm #acab #lgbtrights #prochoice #womensrights #biden2020 #dumptrump #dumptrump2020 #polishcow #amongus #minecraft #eret #quackity #jschlatt #nihachu #wilbursoot #discordinvite #invite
              </h3>
            </div>
          </div>
        </div>
      </div>
    </div>
  </div>
</DocumentFragment>
`;
