// Jest Snapshot v1, https://goo.gl/fbAQLP

exports[`Test <InfiniteScroll /> Component should render snapshot 1`] = `
<DocumentFragment>
  <div
    class="infinite-scroll false"
    data-testid="infinite-scroll"
  />
</DocumentFragment>
`;
