// Jest Snapshot v1, https://goo.gl/fbAQLP

exports[`Test <SafeAnchor /> Component should match snapshot 1`] = `
<DocumentFragment>
  <a
    class="className"
    href="#"
    role="button"
    tabindex="0"
  />
</DocumentFragment>
`;
