// Jest Snapshot v1, https://goo.gl/fbAQLP

exports[`Test <Error /> Component should render snapshot 1`] = `
<DocumentFragment>
  <div
    class="error undefined"
  >
    ERROR
  </div>
</DocumentFragment>
`;
