// Jest Snapshot v1, https://goo.gl/fbAQLP

exports[`Test <SlideImage /> Component should render snapshot 1`] = `
<DocumentFragment>
  <div
    class="slide-image"
  />
</DocumentFragment>
`;
