// Jest Snapshot v1, https://goo.gl/fbAQLP

exports[`Test <Backdrop /> Component should render snapshot 1`] = `
<DocumentFragment>
  <div
    class="backdrop"
    data-testid="backdrop"
    style="background: rgb(0, 0, 0);"
  />
</DocumentFragment>
`;
