// Jest Snapshot v1, https://goo.gl/fbAQLP

exports[`Test <Checkbox /> Component should render snapshot 1`] = `
<DocumentFragment>
  <input
    checked=""
    id="id"
    name="check"
    placeholder="Click Me"
    type="Checkbox"
  />
</DocumentFragment>
`;
